
There are no discarded input sections

Memory Configuration

Name             Origin             Length             Attributes
FLASH            0x08000000         0x00080000         xr
RAM              0x20000000         0x00030000         xrw
RAM2             0x20030000         0x00010000         rw
*default*        0x00000000         0xffffffff

Linker script and memory map

LOAD C:\Users\13713\AppData\Local\Temp\ccwJKvSt.o
LOAD C:\Users\13713\AppData\Local\Temp\ccI1fLCa.o
                0x00002000                        _stack_size = 0x2000

.isr_vector     0x08000000       0x80
 *(.isr_vector)
 .isr_vector    0x08000000       0x80 C:\Users\13713\AppData\Local\Temp\ccwJKvSt.o
                0x08000000                g_vectors

.text           0x08000080      0x1a4
 *(.text*)
 .text          0x08000080       0x44 C:\Users\13713\AppData\Local\Temp\ccwJKvSt.o
                0x08000080                Default_Handler
                0x08000082                Reset_Handler
 .text          0x080000c4       0x6c C:\Users\13713\AppData\Local\Temp\ccI1fLCa.o
                0x08000120                SysTick_Handler
 .text.startup  0x08000130       0x98 C:\Users\13713\AppData\Local\Temp\ccI1fLCa.o
                0x08000130                main
 *(.rodata*)
 .rodata.str1.1
                0x080001c8       0x49 C:\Users\13713\AppData\Local\Temp\ccI1fLCa.o
                                 0x4c (size before relaxing)
 .rodata        0x08000211       0x11 C:\Users\13713\AppData\Local\Temp\ccI1fLCa.o
                0x08000224                        . = ALIGN (0x4)
 *fill*         0x08000222        0x2 
                0x08000224                        _sidata = LOADADDR (.data)

.glue_7         0x08000224        0x0
 .glue_7        0x08000224        0x0 linker stubs

.glue_7t        0x08000224        0x0
 .glue_7t       0x08000224        0x0 linker stubs

.vfp11_veneer   0x08000224        0x0
 .vfp11_veneer  0x08000224        0x0 linker stubs

.v4_bx          0x08000224        0x0
 .v4_bx         0x08000224        0x0 linker stubs

.iplt           0x08000224        0x0
 .iplt          0x08000224        0x0 C:\Users\13713\AppData\Local\Temp\ccwJKvSt.o

.rel.dyn        0x08000224        0x0
 .rel.iplt      0x08000224        0x0 C:\Users\13713\AppData\Local\Temp\ccwJKvSt.o

.data           0x20000000        0x4 load address 0x08000224
                0x20000000                        _sdata = .
 *(.data*)
 .data          0x20000000        0x0 C:\Users\13713\AppData\Local\Temp\ccwJKvSt.o
 .data          0x20000000        0x4 C:\Users\13713\AppData\Local\Temp\ccI1fLCa.o
                0x20000004                        . = ALIGN (0x4)
                0x20000004                        _edata = .

.igot.plt       0x20000004        0x0 load address 0x08000228
 .igot.plt      0x20000004        0x0 C:\Users\13713\AppData\Local\Temp\ccwJKvSt.o

.bss            0x20000004        0x4 load address 0x08000228
                0x20000004                        _sbss = .
 *(.bss*)
 .bss           0x20000004        0x0 C:\Users\13713\AppData\Local\Temp\ccwJKvSt.o
 .bss           0x20000004        0x4 C:\Users\13713\AppData\Local\Temp\ccI1fLCa.o
 *(COMMON)
                0x20000008                        . = ALIGN (0x4)
                0x20000008                        _ebss = .

.noinit
 *(.noinit*)

.stack          0x20000008     0x2000
                0x20002008                        . = (. + _stack_size)
 *fill*         0x20000008     0x2000 
                0x20002008                        _estack = .
OUTPUT(D:/side_project/rh850/artifacts/mini-autosar/stage0/stage0.elf elf32-littlearm)
LOAD linker stubs

.comment        0x00000000       0x39
 .comment       0x00000000       0x39 C:\Users\13713\AppData\Local\Temp\ccwJKvSt.o
                                 0x3a (size before relaxing)
 .comment       0x00000039        0x0 C:\Users\13713\AppData\Local\Temp\ccI1fLCa.o
                                 0x3a (size before relaxing)

.ARM.attributes
                0x00000000       0x34
 .ARM.attributes
                0x00000000       0x34 C:\Users\13713\AppData\Local\Temp\ccwJKvSt.o
 .ARM.attributes
                0x00000034       0x34 C:\Users\13713\AppData\Local\Temp\ccI1fLCa.o
