[000000000] ECUB BSW   ECUM STATE STARTUP
[000000000] ECUB BSW   ECUM INIT_ZERO
[000000000] ECUB BSW   MCU clock=80000000
[000000000] ECUB BSW   ECUM INIT_ONE
[000000000] ECUB OS    STARTOS mode=0
[000000020] ECUB OS    TASK_START Task_Init prio=10
[000000038] ECUB BSW   ECUM STARTUP_TWO
[000000052] ECUB BSW   SCHM START
[000000064] ECUB BSW   SCHM INIT
[000000075] ECUB BSW   SCHM TIMING
[000000088] ECUB BSW   BSWM RULE R_Startup TRUE
[000000105] ECUB BSW   BSWM ACTION EcuM_AL_DriverInitTwo rc=0
[000000128] ECUB BSW   BSWM ACTION Can_Init rc=0
[000000146] ECUB BSW   BSWM ACTION CanIf_Init rc=0
[000000165] ECUB BSW   BSWM ACTION PduR_Init rc=0
[000000200] ECUB BSW   BSWM ACTION Com_Init rc=0
[000000218] ECUB RTE   START
[000000228] ECUB BSW   BSWM ACTION Rte_Start rc=0
[000000246] ECUB BSW   BSWM ACTION EcuM_RequestRUN rc=0
[000000266] ECUB BSW   BSWM RULE R_Run FALSE
[000000283] ECUB BSW   ECUM STATE RUN
[000000297] ECUB BSW   BSWM RULE R_Startup FALSE
[000000314] ECUB BSW   BSWM RULE R_Run TRUE
[000000331] ECUB CANIF MODE ctrl=0 mode=1
[000000346] ECUB BSW   BSWM ACTION CanIf_Start rc=0
[000000383] ECUB COM   GROUP_START 0
[000000397] ECUB BSW   BSWM ACTION Com_IpduGroupStart rc=0
[000000418] ECUB RTE   MODE EcuMode=RUN
[000000432] ECUB BSW   BSWM ACTION Rte_SwitchRun rc=0
[000000452] ECUB OS    TASK_END Task_Init
[000000471] ECUB OS    TASK_START Task_LightCtl prio=3
[000000492] ECUB OS    TASK_WAIT Task_LightCtl mask=0x7
[000010001] ECUB OS    ALARM Alarm_BswMain
[000010021] ECUB OS    TASK_START Task_BswMain prio=4
[000010046] ECUB COM   TX ipdu=3 len=6
[000010061] ECUB PDUR  TX com=3 canif=0
[000010080] ECUB CAN   TX id=0x201 dlc=6 data=00 00 00 00 00 00
[000010105] ECUB CANIF TX pdu=0
[000010120] ECUB BSW   BSWM RULE R_EcuModeRequest FALSE
[000010140] ECUB RTE   MODE EcuMode=RUN
[000010155] ECUB BSW   BSWM ACTION Rte_SwitchRun2 rc=0
[000010176] ECUB OS    TASK_END Task_BswMain
[000020001] ECUB OS    ALARM Alarm_BswMain
[000020017] ECUB OS    ALARM Alarm_LightCtl20ms
[000020034] ECUB OS    EVENT_SET Task_LightCtl mask=0x1
[000020058] ECUB OS    TASK_START Task_BswMain prio=4
[000020087] ECUB OS    TASK_END Task_BswMain
[000020108] ECUB RTE   WRITE P_HeadlightCmd_HeadlightCmd=0
[000020130] ECUB RTE   TRIGGER DRE_Actuator_HeadlightCmd -> Task_LightAct
[000020158] ECUB OS    TASK_WAIT Task_LightCtl mask=0x7
[000020183] ECUB OS    TASK_START Task_LightAct prio=2
[000020203] ECUB RTE   CALL R_Odometer_GetDistance
[000020223] ECUB RTE   CALL R_LightHw_SetHeadlight
[000020242] ECUB BSW   IOHWAB LIGHT state=0
[000020259] ECUB SWC   Actuator state=0 dist=0
[000020276] ECUB RTE   WRITE P_HeadlightStatus_HeadlightStatus=0
[000020303] ECUB RTE   WRITE P_OdometerDistance_Distance=0
[000020331] ECUB OS    TASK_END Task_LightAct
[000030001] ECUB OS    ALARM Alarm_BswMain
[000030021] ECUB OS    TASK_START Task_BswMain prio=4
[000030049] ECUB OS    TASK_END Task_BswMain
[000040001] ECUB OS    ALARM Alarm_BswMain
[000040017] ECUB OS    ALARM Alarm_LightCtl20ms
[000040034] ECUB OS    EVENT_SET Task_LightCtl mask=0x1
[000040058] ECUB OS    TASK_START Task_BswMain prio=4
[000040087] ECUB OS    TASK_END Task_BswMain
[000040107] ECUB RTE   WRITE P_HeadlightCmd_HeadlightCmd=0
[000040129] ECUB RTE   TRIGGER DRE_Actuator_HeadlightCmd -> Task_LightAct
[000040158] ECUB OS    TASK_WAIT Task_LightCtl mask=0x7
[000040182] ECUB OS    TASK_START Task_LightAct prio=2
[000040203] ECUB RTE   CALL R_Odometer_GetDistance
[000040223] ECUB RTE   WRITE P_HeadlightStatus_HeadlightStatus=0
[000040249] ECUB RTE   WRITE P_OdometerDistance_Distance=0
[000040278] ECUB OS    TASK_END Task_LightAct
[000050001] ECUB OS    ALARM Alarm_BswMain
[000050021] ECUB OS    TASK_START Task_BswMain prio=4
[000050049] ECUB OS    TASK_END Task_BswMain
[000060001] ECUB OS    ALARM Alarm_BswMain
[000060017] ECUB OS    ALARM Alarm_LightCtl20ms
[000060034] ECUB OS    EVENT_SET Task_LightCtl mask=0x1
[000060058] ECUB OS    TASK_START Task_BswMain prio=4
[000060087] ECUB OS    TASK_END Task_BswMain
[000060107] ECUB RTE   WRITE P_HeadlightCmd_HeadlightCmd=0
[000060129] ECUB RTE   TRIGGER DRE_Actuator_HeadlightCmd -> Task_LightAct
[000060158] ECUB OS    TASK_WAIT Task_LightCtl mask=0x7
[000060182] ECUB OS    TASK_START Task_LightAct prio=2
[000060203] ECUB RTE   CALL R_Odometer_GetDistance
[000060223] ECUB RTE   WRITE P_HeadlightStatus_HeadlightStatus=0
[000060249] ECUB RTE   WRITE P_OdometerDistance_Distance=0
[000060278] ECUB OS    TASK_END Task_LightAct
[000070001] ECUB OS    ALARM Alarm_BswMain
[000070021] ECUB OS    TASK_START Task_BswMain prio=4
[000070049] ECUB OS    TASK_END Task_BswMain
[000080001] ECUB OS    ALARM Alarm_BswMain
[000080017] ECUB OS    ALARM Alarm_LightCtl20ms
[000080034] ECUB OS    EVENT_SET Task_LightCtl mask=0x1
[000080058] ECUB OS    TASK_START Task_BswMain prio=4
[000080087] ECUB OS    TASK_END Task_BswMain
[000080107] ECUB RTE   WRITE P_HeadlightCmd_HeadlightCmd=0
[000080129] ECUB RTE   TRIGGER DRE_Actuator_HeadlightCmd -> Task_LightAct
[000080158] ECUB OS    TASK_WAIT Task_LightCtl mask=0x7
[000080182] ECUB OS    TASK_START Task_LightAct prio=2
[000080203] ECUB RTE   CALL R_Odometer_GetDistance
[000080223] ECUB RTE   WRITE P_HeadlightStatus_HeadlightStatus=0
[000080249] ECUB RTE   WRITE P_OdometerDistance_Distance=0
[000080278] ECUB OS    TASK_END Task_LightAct
[000090001] ECUB OS    ALARM Alarm_BswMain
[000090021] ECUB OS    TASK_START Task_BswMain prio=4
[000090049] ECUB OS    TASK_END Task_BswMain
[000100001] ECUB OS    ALARM Alarm_BswMain
[000100017] ECUB OS    ALARM Alarm_LightCtl20ms
[000100034] ECUB OS    EVENT_SET Task_LightCtl mask=0x1
[000100059] ECUB OS    TASK_START Task_BswMain prio=4
[000100087] ECUB OS    TASK_END Task_BswMain
[000100108] ECUB RTE   WRITE P_HeadlightCmd_HeadlightCmd=0
[000100130] ECUB RTE   TRIGGER DRE_Actuator_HeadlightCmd -> Task_LightAct
[000100158] ECUB OS    TASK_WAIT Task_LightCtl mask=0x7
[000100183] ECUB OS    TASK_START Task_LightAct prio=2
[000100204] ECUB RTE   CALL R_Odometer_GetDistance
[000100224] ECUB RTE   WRITE P_HeadlightStatus_HeadlightStatus=0
[000100250] ECUB RTE   WRITE P_OdometerDistance_Distance=0
[000100279] ECUB OS    TASK_END Task_LightAct
[000110001] ECUB OS    ALARM Alarm_BswMain
[000110021] ECUB OS    TASK_START Task_BswMain prio=4
[000110047] ECUB COM   TX ipdu=3 len=6
[000110062] ECUB PDUR  TX com=3 canif=0
