[000000000] REST BSW   MCU clock=80000000
[000000022] REST SIM   REST node start
[000000040] REST CAN   TX id=0x301 dlc=1 data=c8
[000000060] REST SIM   RESTBUS TX id=0x301 dlc=1 data=c8
[000003002] REST CAN   TX id=0x3f0 dlc=1 data=00
[000003022] REST SIM   RESTBUS TX id=0x3f0 dlc=1 data=00
[000011002] REST CAN   RX id=0x101 dlc=2 data=00 00
[000011023] REST SIM   RESTBUS RX id=0x101 dlc=2 data=00 00
[000011048] REST CAN   RX id=0x201 dlc=6 data=00 00 00 00 00 00
[000011073] REST SIM   RESTBUS RX id=0x201 dlc=6 data=00 00 00 00 00 00
[000031002] REST CAN   RX id=0x101 dlc=2 data=00 00
[000031023] REST SIM   RESTBUS RX id=0x101 dlc=2 data=00 00
[000051002] REST CAN   RX id=0x101 dlc=2 data=00 00
[000051023] REST SIM   RESTBUS RX id=0x101 dlc=2 data=00 00
[000071002] REST CAN   RX id=0x101 dlc=2 data=00 00
[000071023] REST SIM   RESTBUS RX id=0x101 dlc=2 data=00 00
[000091003] REST CAN   RX id=0x101 dlc=2 data=00 00
[000091024] REST SIM   RESTBUS RX id=0x101 dlc=2 data=00 00
[000100002] REST CAN   TX id=0x301 dlc=1 data=c8
[000100022] REST SIM   RESTBUS TX id=0x301 dlc=1 data=c8
[000103002] REST CAN   TX id=0x3f0 dlc=1 data=00
[000103022] REST SIM   RESTBUS TX id=0x3f0 dlc=1 data=00
[000111002] REST CAN   RX id=0x101 dlc=2 data=00 00
[000111023] REST SIM   RESTBUS RX id=0x101 dlc=2 data=00 00
[000111048] REST CAN   RX id=0x201 dlc=6 data=00 00 00 00 00 00
[000111074] REST SIM   RESTBUS RX id=0x201 dlc=6 data=00 00 00 00 00 00
[000131002] REST CAN   RX id=0x101 dlc=2 data=00 00
[000131023] REST SIM   RESTBUS RX id=0x101 dlc=2 data=00 00
[000151001] REST CAN   RX id=0x101 dlc=2 data=00 00
[000151023] REST SIM   RESTBUS RX id=0x101 dlc=2 data=00 00
[000171002] REST CAN   RX id=0x101 dlc=2 data=00 00
[000171023] REST SIM   RESTBUS RX id=0x101 dlc=2 data=00 00
[000191002] REST CAN   RX id=0x101 dlc=2 data=00 00
[000191023] REST SIM   RESTBUS RX id=0x101 dlc=2 data=00 00
[000200002] REST CAN   TX id=0x301 dlc=1 data=c8
[000200003] REST SIM   RESTBUS TX id=0x301 dlc=1 data=c8
[000203002] REST CAN   TX id=0x3f0 dlc=1 data=00
[000203003] REST SIM   RESTBUS TX id=0x3f0 dlc=1 data=00
[000211002] REST CAN   RX id=0x101 dlc=2 data=00 00
[000211023] REST SIM   RESTBUS RX id=0x101 dlc=2 data=00 00
[000211048] REST CAN   RX id=0x201 dlc=6 data=00 00 00 00 00 00
[000211074] REST SIM   RESTBUS RX id=0x201 dlc=6 data=00 00 00 00 00 00
[000231005] REST CAN   RX id=0x101 dlc=2 data=1d 00
[000231026] REST SIM   RESTBUS RX id=0x101 dlc=2 data=1d 00
[000251002] REST CAN   RX id=0x101 dlc=2 data=3a 00
[000251023] REST SIM   RESTBUS RX id=0x101 dlc=2 data=3a 00
[000271002] REST CAN   RX id=0x101 dlc=2 data=57 00
[000271023] REST SIM   RESTBUS RX id=0x101 dlc=2 data=57 00
[000291002] REST CAN   RX id=0x101 dlc=2 data=74 00
[000291023] REST SIM   RESTBUS RX id=0x101 dlc=2 data=74 00
[000300002] REST CAN   TX id=0x301 dlc=1 data=c8
[000300004] REST SIM   RESTBUS TX id=0x301 dlc=1 data=c8
[000303002] REST CAN   TX id=0x3f0 dlc=1 data=00
[000303004] REST SIM   RESTBUS TX id=0x3f0 dlc=1 data=00
[000311002] REST CAN   RX id=0x101 dlc=2 data=92 00
[000311023] REST SIM   RESTBUS RX id=0x101 dlc=2 data=92 00
[000311048] REST CAN   RX id=0x201 dlc=6 data=00 00 00 00 00 00
[000311074] REST SIM   RESTBUS RX id=0x201 dlc=6 data=00 00 00 00 00 00
[000331002] REST CAN   RX id=0x101 dlc=2 data=af 00
[000331023] REST SIM   RESTBUS RX id=0x101 dlc=2 data=af 00
[000351002] REST CAN   RX id=0x101 dlc=2 data=cc 00
[000351023] REST SIM   RESTBUS RX id=0x101 dlc=2 data=cc 00
[000371002] REST CAN   RX id=0x101 dlc=2 data=e9 00
[000371023] REST SIM   RESTBUS RX id=0x101 dlc=2 data=e9 00
[000391002] REST CAN   RX id=0x101 dlc=2 data=07 01
[000391023] REST SIM   RESTBUS RX id=0x101 dlc=2 data=07 01
[000400002] REST CAN   TX id=0x301 dlc=1 data=c8
[000400005] REST SIM   RESTBUS TX id=0x301 dlc=1 data=c8
[000403007] REST CAN   TX id=0x3f0 dlc=1 data=00
[000403027] REST SIM   RESTBUS TX id=0x3f0 dlc=1 data=00
[000411002] REST CAN   RX id=0x101 dlc=2 data=24 01
[000411023] REST SIM   RESTBUS RX id=0x101 dlc=2 data=24 01
[000411048] REST CAN   RX id=0x201 dlc=6 data=00 00 00 00 00 00
[000411074] REST SIM   RESTBUS RX id=0x201 dlc=6 data=00 00 00 00 00 00
[000431002] REST CAN   RX id=0x101 dlc=2 data=41 01
[000431023] REST SIM   RESTBUS RX id=0x101 dlc=2 data=41 01
[000451002] REST CAN   RX id=0x101 dlc=2 data=5f 01
[000451023] REST SIM   RESTBUS RX id=0x101 dlc=2 data=5f 01
[000471007] REST CAN   RX id=0x101 dlc=2 data=7c 01
[000471028] REST SIM   RESTBUS RX id=0x101 dlc=2 data=7c 01
[000491008] REST CAN   RX id=0x101 dlc=2 data=99 01
[000491029] REST SIM   RESTBUS RX id=0x101 dlc=2 data=99 01
[000500002] REST CAN   TX id=0x301 dlc=1 data=3c
[000500006] REST SIM   RESTBUS TX id=0x301 dlc=1 data=3c
[000503002] REST CAN   TX id=0x3f0 dlc=1 data=00
[000503022] REST SIM   RESTBUS TX id=0x3f0 dlc=1 data=00
[000511002] REST CAN   RX id=0x101 dlc=2 data=b7 01
[000511023] REST SIM   RESTBUS RX id=0x101 dlc=2 data=b7 01
[000511048] REST CAN   RX id=0x201 dlc=6 data=01 00 01 00 00 00
[000511074] REST SIM   RESTBUS RX id=0x201 dlc=6 data=01 00 01 00 00 00
[000531008] REST CAN   RX id=0x101 dlc=2 data=d4 01
[000531029] REST SIM   RESTBUS RX id=0x101 dlc=2 data=d4 01
[000551002] REST CAN   RX id=0x101 dlc=2 data=f1 01
[000551023] REST SIM   RESTBUS RX id=0x101 dlc=2 data=f1 01
[000571002] REST CAN   RX id=0x101 dlc=2 data=0f 02
[000571023] REST SIM   RESTBUS RX id=0x101 dlc=2 data=0f 02
[000591002] REST CAN   RX id=0x101 dlc=2 data=2c 02
[000591023] REST SIM   RESTBUS RX id=0x101 dlc=2 data=2c 02
[000600002] REST CAN   TX id=0x301 dlc=1 data=3c
[000600007] REST SIM   RESTBUS TX id=0x301 dlc=1 data=3c
[000603002] REST CAN   TX id=0x3f0 dlc=1 data=00
[000603022] REST SIM   RESTBUS TX id=0x3f0 dlc=1 data=00
[000611002] REST CAN   RX id=0x101 dlc=2 data=4a 02
[000611023] REST SIM   RESTBUS RX id=0x101 dlc=2 data=4a 02
[000611048] REST CAN   RX id=0x201 dlc=6 data=01 00 03 00 00 00
[000611074] REST SIM   RESTBUS RX id=0x201 dlc=6 data=01 00 03 00 00 00
[000631002] REST CAN   RX id=0x101 dlc=2 data=67 02
[000631023] REST SIM   RESTBUS RX id=0x101 dlc=2 data=67 02
[000651010] REST CAN   RX id=0x101 dlc=2 data=84 02
[000651031] REST SIM   RESTBUS RX id=0x101 dlc=2 data=84 02
[000671002] REST CAN   RX id=0x101 dlc=2 data=a1 02
[000671023] REST SIM   RESTBUS RX id=0x101 dlc=2 data=a1 02
[000691002] REST CAN   RX id=0x101 dlc=2 data=be 02
[000691023] REST SIM   RESTBUS RX id=0x101 dlc=2 data=be 02
[000700002] REST CAN   TX id=0x301 dlc=1 data=3c
[000700022] REST SIM   RESTBUS TX id=0x301 dlc=1 data=3c
[000703002] REST CAN   TX id=0x3f0 dlc=1 data=00
[000703009] REST SIM   RESTBUS TX id=0x3f0 dlc=1 data=00
[000711010] REST CAN   RX id=0x101 dlc=2 data=dc 02
[000711031] REST SIM   RESTBUS RX id=0x101 dlc=2 data=dc 02
[000711057] REST CAN   RX id=0x201 dlc=6 data=01 00 04 00 00 00
[000711082] REST SIM   RESTBUS RX id=0x201 dlc=6 data=01 00 04 00 00 00
[000731002] REST CAN   RX id=0x101 dlc=2 data=f9 02
[000731023] REST SIM   RESTBUS RX id=0x101 dlc=2 data=f9 02
[000751002] REST CAN   RX id=0x101 dlc=2 data=16 03
[000751023] REST SIM   RESTBUS RX id=0x101 dlc=2 data=16 03
[000771011] REST CAN   RX id=0x101 dlc=2 data=34 03
[000771032] REST SIM   RESTBUS RX id=0x101 dlc=2 data=34 03
[000791011] REST CAN   RX id=0x101 dlc=2 data=51 03
[000791032] REST SIM   RESTBUS RX id=0x101 dlc=2 data=51 03
[000800002] REST CAN   TX id=0x301 dlc=1 data=3c
[000800010] REST SIM   RESTBUS TX id=0x301 dlc=1 data=3c
[000803002] REST CAN   TX id=0x3f0 dlc=1 data=00
[000803010] REST SIM   RESTBUS TX id=0x3f0 dlc=1 data=00
[000811002] REST CAN   RX id=0x101 dlc=2 data=6e 03
[000811023] REST SIM   RESTBUS RX id=0x101 dlc=2 data=6e 03
[000811048] REST CAN   RX id=0x201 dlc=6 data=01 00 07 00 00 00
[000811074] REST SIM   RESTBUS RX id=0x201 dlc=6 data=01 00 07 00 00 00
[000831002] REST CAN   RX id=0x101 dlc=2 data=8b 03
[000831023] REST SIM   RESTBUS RX id=0x101 dlc=2 data=8b 03
[000851002] REST CAN   RX id=0x101 dlc=2 data=a9 03
[000851023] REST SIM   RESTBUS RX id=0x101 dlc=2 data=a9 03
[000871002] REST CAN   RX id=0x101 dlc=2 data=c6 03
[000871023] REST SIM   RESTBUS RX id=0x101 dlc=2 data=c6 03
[000891013] REST CAN   RX id=0x101 dlc=2 data=e3 03
[000891034] REST SIM   RESTBUS RX id=0x101 dlc=2 data=e3 03
[000900002] REST CAN   TX id=0x301 dlc=1 data=3c
[000900011] REST SIM   RESTBUS TX id=0x301 dlc=1 data=3c
[000903002] REST CAN   TX id=0x3f0 dlc=1 data=00
[000903022] REST SIM   RESTBUS TX id=0x3f0 dlc=1 data=00
[000911002] REST CAN   RX id=0x101 dlc=2 data=01 04
[000911023] REST SIM   RESTBUS RX id=0x101 dlc=2 data=01 04
[000911048] REST CAN   RX id=0x201 dlc=6 data=01 00 09 00 00 00
[000911074] REST SIM   RESTBUS RX id=0x201 dlc=6 data=01 00 09 00 00 00
[000931002] REST CAN   RX id=0x101 dlc=2 data=1e 04
[000931023] REST SIM   RESTBUS RX id=0x101 dlc=2 data=1e 04
[000951013] REST CAN   RX id=0x101 dlc=2 data=3c 04
[000951034] REST SIM   RESTBUS RX id=0x101 dlc=2 data=3c 04
[000971013] REST CAN   RX id=0x101 dlc=2 data=59 04
[000971034] REST SIM   RESTBUS RX id=0x101 dlc=2 data=59 04
[000991002] REST CAN   RX id=0x101 dlc=2 data=76 04
[000991023] REST SIM   RESTBUS RX id=0x101 dlc=2 data=76 04
[001000002] REST CAN   TX id=0x301 dlc=1 data=3c
[001000012] REST SIM   RESTBUS TX id=0x301 dlc=1 data=3c
[001003002] REST CAN   TX id=0x3f0 dlc=1 data=00
[001003012] REST SIM   RESTBUS TX id=0x3f0 dlc=1 data=00
[001011002] REST CAN   RX id=0x101 dlc=2 data=94 04
[001011023] REST SIM   RESTBUS RX id=0x101 dlc=2 data=94 04
[001011048] REST CAN   RX id=0x201 dlc=6 data=01 00 0c 00 00 00
[001011074] REST SIM   RESTBUS RX id=0x201 dlc=6 data=01 00 0c 00 00 00
[001031002] REST CAN   RX id=0x101 dlc=2 data=b0 04
[001031023] REST SIM   RESTBUS RX id=0x101 dlc=2 data=b0 04
[001051014] REST CAN   RX id=0x101 dlc=2 data=ce 04
[001051036] REST SIM   RESTBUS RX id=0x101 dlc=2 data=ce 04
[001071002] REST CAN   RX id=0x101 dlc=2 data=ec 04
[001071023] REST SIM   RESTBUS RX id=0x101 dlc=2 data=ec 04
[001091002] REST CAN   RX id=0x101 dlc=2 data=08 05
[001091023] REST SIM   RESTBUS RX id=0x101 dlc=2 data=08 05
[001100002] REST CAN   TX id=0x301 dlc=1 data=3c
[001100013] REST SIM   RESTBUS TX id=0x301 dlc=1 data=3c
[001103002] REST CAN   TX id=0x3f0 dlc=1 data=00
[001103013] REST SIM   RESTBUS TX id=0x3f0 dlc=1 data=00
[001111015] REST CAN   RX id=0x101 dlc=2 data=26 05
[001111036] REST SIM   RESTBUS RX id=0x101 dlc=2 data=26 05
[001111062] REST CAN   RX id=0x201 dlc=6 data=01 00 10 00 00 00
[001111088] REST SIM   RESTBUS RX id=0x201 dlc=6 data=01 00 10 00 00 00
[001131015] REST CAN   RX id=0x101 dlc=2 data=43 05
[001131037] REST SIM   RESTBUS RX id=0x101 dlc=2 data=43 05
[001151002] REST CAN   RX id=0x101 dlc=2 data=60 05
[001151023] REST SIM   RESTBUS RX id=0x101 dlc=2 data=60 05
[001171002] REST CAN   RX id=0x101 dlc=2 data=7e 05
[001171023] REST SIM   RESTBUS RX id=0x101 dlc=2 data=7e 05
[001191002] REST CAN   RX id=0x101 dlc=2 data=9b 05
[001191023] REST SIM   RESTBUS RX id=0x101 dlc=2 data=9b 05
[001200002] REST CAN   TX id=0x301 dlc=1 data=3c
[001200015] REST SIM   RESTBUS TX id=0x301 dlc=1 data=3c
[001203002] REST CAN   TX id=0x3f0 dlc=1 data=00
[001203015] REST SIM   RESTBUS TX id=0x3f0 dlc=1 data=00
[001211002] REST CAN   RX id=0x101 dlc=2 data=b8 05
[001211023] REST SIM   RESTBUS RX id=0x101 dlc=2 data=b8 05
[001211048] REST CAN   RX id=0x201 dlc=6 data=01 00 13 00 00 00
[001211074] REST SIM   RESTBUS RX id=0x201 dlc=6 data=01 00 13 00 00 00
[001231002] REST CAN   RX id=0x101 dlc=2 data=b8 05
[001231023] REST SIM   RESTBUS RX id=0x101 dlc=2 data=b8 05
[001251002] REST CAN   RX id=0x101 dlc=2 data=b8 05
[001251023] REST SIM   RESTBUS RX id=0x101 dlc=2 data=b8 05
[001271017] REST CAN   RX id=0x101 dlc=2 data=b8 05
[001271038] REST SIM   RESTBUS RX id=0x101 dlc=2 data=b8 05
[001291002] REST CAN   RX id=0x101 dlc=2 data=b8 05
[001291023] REST SIM   RESTBUS RX id=0x101 dlc=2 data=b8 05
[001300002] REST CAN   TX id=0x301 dlc=1 data=3c
[001300016] REST SIM   RESTBUS TX id=0x301 dlc=1 data=3c
[001303002] REST CAN   TX id=0x3f0 dlc=1 data=00
[001303016] REST SIM   RESTBUS TX id=0x3f0 dlc=1 data=00
[001311002] REST CAN   RX id=0x101 dlc=2 data=b8 05
[001311023] REST SIM   RESTBUS RX id=0x101 dlc=2 data=b8 05
[001311048] REST CAN   RX id=0x201 dlc=6 data=01 00 17 00 00 00
[001311074] REST SIM   RESTBUS RX id=0x201 dlc=6 data=01 00 17 00 00 00
[001331002] REST CAN   RX id=0x101 dlc=2 data=b8 05
[001331023] REST SIM   RESTBUS RX id=0x101 dlc=2 data=b8 05
[001351002] REST CAN   RX id=0x101 dlc=2 data=b8 05
[001351023] REST SIM   RESTBUS RX id=0x101 dlc=2 data=b8 05
[001371018] REST CAN   RX id=0x101 dlc=2 data=b8 05
[001371039] REST SIM   RESTBUS RX id=0x101 dlc=2 data=b8 05
[001391002] REST CAN   RX id=0x101 dlc=2 data=b8 05
[001391023] REST SIM   RESTBUS RX id=0x101 dlc=2 data=b8 05
[001400002] REST CAN   TX id=0x301 dlc=1 data=3c
[001400017] REST SIM   RESTBUS TX id=0x301 dlc=1 data=3c
[001403002] REST CAN   TX id=0x3f0 dlc=1 data=00
[001403017] REST SIM   RESTBUS TX id=0x3f0 dlc=1 data=00
[001411002] REST CAN   RX id=0x101 dlc=2 data=b8 05
[001411023] REST SIM   RESTBUS RX id=0x101 dlc=2 data=b8 05
[001411048] REST CAN   RX id=0x201 dlc=6 data=01 00 1c 00 00 00
[001411074] REST SIM   RESTBUS RX id=0x201 dlc=6 data=01 00 1c 00 00 00
[001431002] REST CAN   RX id=0x101 dlc=2 data=b8 05
[001431023] REST SIM   RESTBUS RX id=0x101 dlc=2 data=b8 05
[001451019] REST CAN   RX id=0x101 dlc=2 data=b8 05
[001451040] REST SIM   RESTBUS RX id=0x101 dlc=2 data=b8 05
[001471002] REST CAN   RX id=0x101 dlc=2 data=b8 05
[001471023] REST SIM   RESTBUS RX id=0x101 dlc=2 data=b8 05
[001491002] REST CAN   RX id=0x101 dlc=2 data=b8 05
[001491023] REST SIM   RESTBUS RX id=0x101 dlc=2 data=b8 05
[001500002] REST CAN   TX id=0x301 dlc=1 data=14
[001500018] REST SIM   RESTBUS TX id=0x301 dlc=1 data=14
[001503002] REST CAN   TX id=0x3f0 dlc=1 data=00
[001503018] REST SIM   RESTBUS TX id=0x3f0 dlc=1 data=00
[001511002] REST CAN   RX id=0x101 dlc=2 data=b8 05
[001511023] REST SIM   RESTBUS RX id=0x101 dlc=2 data=b8 05
[001511048] REST CAN   RX id=0x201 dlc=6 data=02 00 20 00 00 00
[001511074] REST SIM   RESTBUS RX id=0x201 dlc=6 data=02 00 20 00 00 00
[001531020] REST CAN   RX id=0x101 dlc=2 data=b8 05
[001531041] REST SIM   RESTBUS RX id=0x101 dlc=2 data=b8 05
[001551002] REST CAN   RX id=0x101 dlc=2 data=b8 05
[001551023] REST SIM   RESTBUS RX id=0x101 dlc=2 data=b8 05
[001571021] REST CAN   RX id=0x101 dlc=2 data=b8 05
[001571042] REST SIM   RESTBUS RX id=0x101 dlc=2 data=b8 05
[001591002] REST CAN   RX id=0x101 dlc=2 data=b8 05
[001591023] REST SIM   RESTBUS RX id=0x101 dlc=2 data=b8 05
[001600002] REST CAN   TX id=0x301 dlc=1 data=14
[001600019] REST SIM   RESTBUS TX id=0x301 dlc=1 data=14
[001603002] REST CAN   TX id=0x3f0 dlc=1 data=00
[001603019] REST SIM   RESTBUS TX id=0x3f0 dlc=1 data=00
[001611002] REST CAN   RX id=0x101 dlc=2 data=b8 05
[001611023] REST SIM   RESTBUS RX id=0x101 dlc=2 data=b8 05
[001611048] REST CAN   RX id=0x201 dlc=6 data=02 00 24 00 00 00
[001611074] REST SIM   RESTBUS RX id=0x201 dlc=6 data=02 00 24 00 00 00
[001631021] REST CAN   RX id=0x101 dlc=2 data=b8 05
[001631043] REST SIM   RESTBUS RX id=0x101 dlc=2 data=b8 05
[001651002] REST CAN   RX id=0x101 dlc=2 data=b8 05
[001651023] REST SIM   RESTBUS RX id=0x101 dlc=2 data=b8 05
[001671002] REST CAN   RX id=0x101 dlc=2 data=b8 05
[001671023] REST SIM   RESTBUS RX id=0x101 dlc=2 data=b8 05
[001691002] REST CAN   RX id=0x101 dlc=2 data=b8 05
[001691023] REST SIM   RESTBUS RX id=0x101 dlc=2 data=b8 05
[001700002] REST CAN   TX id=0x301 dlc=1 data=14
[001700021] REST SIM   RESTBUS TX id=0x301 dlc=1 data=14
[001703002] REST CAN   TX id=0x3f0 dlc=1 data=00
[001703020] REST SIM   RESTBUS TX id=0x3f0 dlc=1 data=00
[001711002] REST CAN   RX id=0x101 dlc=2 data=b8 05
[001711023] REST SIM   RESTBUS RX id=0x101 dlc=2 data=b8 05
[001711048] REST CAN   RX id=0x201 dlc=6 data=02 00 28 00 00 00
[001711074] REST SIM   RESTBUS RX id=0x201 dlc=6 data=02 00 28 00 00 00
[001731002] REST CAN   RX id=0x101 dlc=2 data=b8 05
[001731023] REST SIM   RESTBUS RX id=0x101 dlc=2 data=b8 05
[001751002] REST CAN   RX id=0x101 dlc=2 data=b8 05
[001751023] REST SIM   RESTBUS RX id=0x101 dlc=2 data=b8 05
[001771002] REST CAN   RX id=0x101 dlc=2 data=b8 05
[001771023] REST SIM   RESTBUS RX id=0x101 dlc=2 data=b8 05
[001791002] REST CAN   RX id=0x101 dlc=2 data=b8 05
[001791023] REST SIM   RESTBUS RX id=0x101 dlc=2 data=b8 05
[001800002] REST CAN   TX id=0x301 dlc=1 data=14
[001800022] REST SIM   RESTBUS TX id=0x301 dlc=1 data=14
[001803002] REST CAN   TX id=0x3f0 dlc=1 data=00
[001803022] REST SIM   RESTBUS TX id=0x3f0 dlc=1 data=00
[001811024] REST CAN   RX id=0x101 dlc=2 data=b8 05
[001811045] REST SIM   RESTBUS RX id=0x101 dlc=2 data=b8 05
[001811070] REST CAN   RX id=0x201 dlc=6 data=02 00 2c 00 00 00
[001811096] REST SIM   RESTBUS RX id=0x201 dlc=6 data=02 00 2c 00 00 00
[001831002] REST CAN   RX id=0x101 dlc=2 data=b8 05
[001831023] REST SIM   RESTBUS RX id=0x101 dlc=2 data=b8 05
[001851024] REST CAN   RX id=0x101 dlc=2 data=b8 05
[001851045] REST SIM   RESTBUS RX id=0x101 dlc=2 data=b8 05
[001871002] REST CAN   RX id=0x101 dlc=2 data=b8 05
[001871023] REST SIM   RESTBUS RX id=0x101 dlc=2 data=b8 05
[001891025] REST CAN   RX id=0x101 dlc=2 data=b8 05
[001891046] REST SIM   RESTBUS RX id=0x101 dlc=2 data=b8 05
[001900025] REST CAN   TX id=0x301 dlc=1 data=14
[001900045] REST SIM   RESTBUS TX id=0x301 dlc=1 data=14
[001903002] REST CAN   TX id=0x3f0 dlc=1 data=00
[001903022] REST SIM   RESTBUS TX id=0x3f0 dlc=1 data=00
[001911002] REST CAN   RX id=0x101 dlc=2 data=b8 05
[001911023] REST SIM   RESTBUS RX id=0x101 dlc=2 data=b8 05
[001911048] REST CAN   RX id=0x201 dlc=6 data=02 00 30 00 00 00
[001911074] REST SIM   RESTBUS RX id=0x201 dlc=6 data=02 00 30 00 00 00
[001931002] REST CAN   RX id=0x101 dlc=2 data=b8 05
[001931023] REST SIM   RESTBUS RX id=0x101 dlc=2 data=b8 05
[001951002] REST CAN   RX id=0x101 dlc=2 data=b8 05
[001951023] REST SIM   RESTBUS RX id=0x101 dlc=2 data=b8 05
[001971002] REST CAN   RX id=0x101 dlc=2 data=b8 05
[001971023] REST SIM   RESTBUS RX id=0x101 dlc=2 data=b8 05
[001991026] REST CAN   RX id=0x101 dlc=2 data=b8 05
[001991047] REST SIM   RESTBUS RX id=0x101 dlc=2 data=b8 05
[002000002] REST CAN   TX id=0x301 dlc=1 data=14
[002000022] REST SIM   RESTBUS TX id=0x301 dlc=1 data=14
[002003002] REST CAN   TX id=0x3f0 dlc=1 data=00
[002003022] REST SIM   RESTBUS TX id=0x3f0 dlc=1 data=00
[002011026] REST CAN   RX id=0x101 dlc=2 data=b8 05
[002011047] REST SIM   RESTBUS RX id=0x101 dlc=2 data=b8 05
[002011073] REST CAN   RX id=0x201 dlc=6 data=02 00 34 00 00 00
[002011098] REST SIM   RESTBUS RX id=0x201 dlc=6 data=02 00 34 00 00 00
[002031002] REST CAN   RX id=0x101 dlc=2 data=b8 05
[002031023] REST SIM   RESTBUS RX id=0x101 dlc=2 data=b8 05
[002051002] REST CAN   RX id=0x101 dlc=2 data=b8 05
[002051023] REST SIM   RESTBUS RX id=0x101 dlc=2 data=b8 05
[002071027] REST CAN   RX id=0x101 dlc=2 data=b8 05
[002071048] REST SIM   RESTBUS RX id=0x101 dlc=2 data=b8 05
[002091002] REST CAN   RX id=0x101 dlc=2 data=b8 05
[002091023] REST SIM   RESTBUS RX id=0x101 dlc=2 data=b8 05
[002100002] REST CAN   TX id=0x301 dlc=1 data=14
[002100022] REST SIM   RESTBUS TX id=0x301 dlc=1 data=14
[002103027] REST CAN   TX id=0x3f0 dlc=1 data=00
[002103047] REST SIM   RESTBUS TX id=0x3f0 dlc=1 data=00
[002111002] REST CAN   RX id=0x101 dlc=2 data=b8 05
[002111023] REST SIM   RESTBUS RX id=0x101 dlc=2 data=b8 05
[002111048] REST CAN   RX id=0x201 dlc=6 data=02 00 38 00 00 00
[002111074] REST SIM   RESTBUS RX id=0x201 dlc=6 data=02 00 38 00 00 00
[002131002] REST CAN   RX id=0x101 dlc=2 data=b8 05
[002131023] REST SIM   RESTBUS RX id=0x101 dlc=2 data=b8 05
[002151002] REST CAN   RX id=0x101 dlc=2 data=b8 05
[002151023] REST SIM   RESTBUS RX id=0x101 dlc=2 data=b8 05
[002171002] REST CAN   RX id=0x101 dlc=2 data=b8 05
[002171023] REST SIM   RESTBUS RX id=0x101 dlc=2 data=b8 05
[002191002] REST CAN   RX id=0x101 dlc=2 data=b8 05
[002191023] REST SIM   RESTBUS RX id=0x101 dlc=2 data=b8 05
[002200029] REST CAN   TX id=0x301 dlc=1 data=14
[002200049] REST SIM   RESTBUS TX id=0x301 dlc=1 data=14
[002203002] REST CAN   TX id=0x3f0 dlc=1 data=00
[002203022] REST SIM   RESTBUS TX id=0x3f0 dlc=1 data=00
[002211028] REST CAN   RX id=0x101 dlc=2 data=b8 05
[002211049] REST SIM   RESTBUS RX id=0x101 dlc=2 data=b8 05
[002211075] REST CAN   RX id=0x201 dlc=6 data=02 00 3c 00 00 00
[002211101] REST SIM   RESTBUS RX id=0x201 dlc=6 data=02 00 3c 00 00 00
[002231029] REST CAN   RX id=0x101 dlc=2 data=b8 05
[002231050] REST SIM   RESTBUS RX id=0x101 dlc=2 data=b8 05
[002251002] REST CAN   RX id=0x101 dlc=2 data=b8 05
[002251023] REST SIM   RESTBUS RX id=0x101 dlc=2 data=b8 05
[002271029] REST CAN   RX id=0x101 dlc=2 data=b8 05
[002271050] REST SIM   RESTBUS RX id=0x101 dlc=2 data=b8 05
[002291002] REST CAN   RX id=0x101 dlc=2 data=b8 05
[002291023] REST SIM   RESTBUS RX id=0x101 dlc=2 data=b8 05
[002300030] REST CAN   TX id=0x301 dlc=1 data=14
[002300050] REST SIM   RESTBUS TX id=0x301 dlc=1 data=14
[002303002] REST CAN   TX id=0x3f0 dlc=1 data=00
[002303022] REST SIM   RESTBUS TX id=0x3f0 dlc=1 data=00
[002311002] REST CAN   RX id=0x101 dlc=2 data=b8 05
[002311023] REST SIM   RESTBUS RX id=0x101 dlc=2 data=b8 05
[002311048] REST CAN   RX id=0x201 dlc=6 data=02 00 40 00 00 00
[002311074] REST SIM   RESTBUS RX id=0x201 dlc=6 data=02 00 40 00 00 00
[002331002] REST CAN   RX id=0x101 dlc=2 data=b8 05
[002331023] REST SIM   RESTBUS RX id=0x101 dlc=2 data=b8 05
[002351030] REST CAN   RX id=0x101 dlc=2 data=b8 05
[002351051] REST SIM   RESTBUS RX id=0x101 dlc=2 data=b8 05
[002371002] REST CAN   RX id=0x101 dlc=2 data=b8 05
[002371023] REST SIM   RESTBUS RX id=0x101 dlc=2 data=b8 05
[002391002] REST CAN   RX id=0x101 dlc=2 data=b8 05
[002391023] REST SIM   RESTBUS RX id=0x101 dlc=2 data=b8 05
[002400002] REST CAN   TX id=0x301 dlc=1 data=14
[002400022] REST SIM   RESTBUS TX id=0x301 dlc=1 data=14
[002403002] REST CAN   TX id=0x3f0 dlc=1 data=00
[002403022] REST SIM   RESTBUS TX id=0x3f0 dlc=1 data=00
[002411002] REST CAN   RX id=0x101 dlc=2 data=b8 05
[002411023] REST SIM   RESTBUS RX id=0x101 dlc=2 data=b8 05
[002411048] REST CAN   RX id=0x201 dlc=6 data=02 00 44 00 00 00
[002411074] REST SIM   RESTBUS RX id=0x201 dlc=6 data=02 00 44 00 00 00
[002431031] REST CAN   RX id=0x101 dlc=2 data=b8 05
[002431052] REST SIM   RESTBUS RX id=0x101 dlc=2 data=b8 05
[002451002] REST CAN   RX id=0x101 dlc=2 data=b8 05
[002451023] REST SIM   RESTBUS RX id=0x101 dlc=2 data=b8 05
[002471031] REST CAN   RX id=0x101 dlc=2 data=b8 05
[002471053] REST SIM   RESTBUS RX id=0x101 dlc=2 data=b8 05
[002491002] REST CAN   RX id=0x101 dlc=2 data=b8 05
[002491023] REST SIM   RESTBUS RX id=0x101 dlc=2 data=b8 05
[002500032] REST CAN   TX id=0x301 dlc=1 data=14
[002500052] REST SIM   RESTBUS TX id=0x301 dlc=1 data=14
[002503002] REST CAN   TX id=0x3f0 dlc=1 data=00
[002503022] REST SIM   RESTBUS TX id=0x3f0 dlc=1 data=00
[002511002] REST CAN   RX id=0x101 dlc=2 data=b8 05
[002511023] REST SIM   RESTBUS RX id=0x101 dlc=2 data=b8 05
[002511048] REST CAN   RX id=0x201 dlc=6 data=02 00 48 00 00 00
[002511074] REST SIM   RESTBUS RX id=0x201 dlc=6 data=02 00 48 00 00 00
[002531002] REST CAN   RX id=0x101 dlc=2 data=b8 05
[002531023] REST SIM   RESTBUS RX id=0x101 dlc=2 data=b8 05
[002551002] REST CAN   RX id=0x101 dlc=2 data=b8 05
[002551023] REST SIM   RESTBUS RX id=0x101 dlc=2 data=b8 05
[002571002] REST CAN   RX id=0x101 dlc=2 data=b8 05
[002571023] REST SIM   RESTBUS RX id=0x101 dlc=2 data=b8 05
[002591002] REST CAN   RX id=0x101 dlc=2 data=b8 05
[002591023] REST SIM   RESTBUS RX id=0x101 dlc=2 data=b8 05
[002600033] REST CAN   TX id=0x301 dlc=1 data=14
[002600053] REST SIM   RESTBUS TX id=0x301 dlc=1 data=14
[002603002] REST CAN   TX id=0x3f0 dlc=1 data=00
[002603022] REST SIM   RESTBUS TX id=0x3f0 dlc=1 data=00
[002611002] REST CAN   RX id=0x101 dlc=2 data=b8 05
[002611023] REST SIM   RESTBUS RX id=0x101 dlc=2 data=b8 05
[002611048] REST CAN   RX id=0x201 dlc=6 data=02 00 4c 00 00 00
[002611074] REST SIM   RESTBUS RX id=0x201 dlc=6 data=02 00 4c 00 00 00
[002631033] REST CAN   RX id=0x101 dlc=2 data=b8 05
[002631055] REST SIM   RESTBUS RX id=0x101 dlc=2 data=b8 05
[002651002] REST CAN   RX id=0x101 dlc=2 data=b8 05
[002651023] REST SIM   RESTBUS RX id=0x101 dlc=2 data=b8 05
[002671034] REST CAN   RX id=0x101 dlc=2 data=b8 05
[002671055] REST SIM   RESTBUS RX id=0x101 dlc=2 data=b8 05
[002691002] REST CAN   RX id=0x101 dlc=2 data=b8 05
[002691023] REST SIM   RESTBUS RX id=0x101 dlc=2 data=b8 05
[002700002] REST CAN   TX id=0x301 dlc=1 data=14
[002700022] REST SIM   RESTBUS TX id=0x301 dlc=1 data=14
[002703035] REST CAN   TX id=0x3f0 dlc=1 data=00
[002703054] REST SIM   RESTBUS TX id=0x3f0 dlc=1 data=00
[002711034] REST CAN   RX id=0x101 dlc=2 data=b8 05
[002711055] REST SIM   RESTBUS RX id=0x101 dlc=2 data=b8 05
[002711081] REST CAN   RX id=0x201 dlc=6 data=02 00 50 00 00 00
[002711107] REST SIM   RESTBUS RX id=0x201 dlc=6 data=02 00 50 00 00 00
[002731002] REST CAN   RX id=0x101 dlc=2 data=b8 05
[002731023] REST SIM   RESTBUS RX id=0x101 dlc=2 data=b8 05
[002751002] REST CAN   RX id=0x101 dlc=2 data=b8 05
[002751023] REST SIM   RESTBUS RX id=0x101 dlc=2 data=b8 05
[002771035] REST CAN   RX id=0x101 dlc=2 data=b8 05
[002771056] REST SIM   RESTBUS RX id=0x101 dlc=2 data=b8 05
[002791035] REST CAN   RX id=0x101 dlc=2 data=b8 05
[002791056] REST SIM   RESTBUS RX id=0x101 dlc=2 data=b8 05
[002800002] REST CAN   TX id=0x301 dlc=1 data=14
[002800022] REST SIM   RESTBUS TX id=0x301 dlc=1 data=14
[002803002] REST CAN   TX id=0x3f0 dlc=1 data=00
[002803022] REST SIM   RESTBUS TX id=0x3f0 dlc=1 data=00
[002811036] REST CAN   RX id=0x101 dlc=2 data=b8 05
[002811057] REST SIM   RESTBUS RX id=0x101 dlc=2 data=b8 05
[002811082] REST CAN   RX id=0x201 dlc=6 data=02 00 54 00 00 00
[002811108] REST SIM   RESTBUS RX id=0x201 dlc=6 data=02 00 54 00 00 00
[002831002] REST CAN   RX id=0x101 dlc=2 data=b8 05
[002831023] REST SIM   RESTBUS RX id=0x101 dlc=2 data=b8 05
[002851036] REST CAN   RX id=0x101 dlc=2 data=b8 05
[002851057] REST SIM   RESTBUS RX id=0x101 dlc=2 data=b8 05
[002871036] REST CAN   RX id=0x101 dlc=2 data=b8 05
[002871057] REST SIM   RESTBUS RX id=0x101 dlc=2 data=b8 05
[002891002] REST CAN   RX id=0x101 dlc=2 data=b8 05
[002891023] REST SIM   RESTBUS RX id=0x101 dlc=2 data=b8 05
[002900002] REST CAN   TX id=0x301 dlc=1 data=14
[002900022] REST SIM   RESTBUS TX id=0x301 dlc=1 data=14
[002903037] REST CAN   TX id=0x3f0 dlc=1 data=00
[002903057] REST SIM   RESTBUS TX id=0x3f0 dlc=1 data=00
[002911002] REST CAN   RX id=0x101 dlc=2 data=b8 05
[002911023] REST SIM   RESTBUS RX id=0x101 dlc=2 data=b8 05
[002911048] REST CAN   RX id=0x201 dlc=6 data=02 00 59 00 00 00
[002911074] REST SIM   RESTBUS RX id=0x201 dlc=6 data=02 00 59 00 00 00
[002931037] REST CAN   RX id=0x101 dlc=2 data=b8 05
[002931058] REST SIM   RESTBUS RX id=0x101 dlc=2 data=b8 05
[002951002] REST CAN   RX id=0x101 dlc=2 data=b8 05
[002951023] REST SIM   RESTBUS RX id=0x101 dlc=2 data=b8 05
[002971002] REST CAN   RX id=0x101 dlc=2 data=b8 05
[002971023] REST SIM   RESTBUS RX id=0x101 dlc=2 data=b8 05
[002991002] REST CAN   RX id=0x101 dlc=2 data=b8 05
[002991023] REST SIM   RESTBUS RX id=0x101 dlc=2 data=b8 05
[003000038] REST CAN   TX id=0x301 dlc=1 data=14
[003000058] REST SIM   RESTBUS TX id=0x301 dlc=1 data=14
[003003002] REST CAN   TX id=0x3f0 dlc=1 data=01
[003003022] REST SIM   RESTBUS TX id=0x3f0 dlc=1 data=01
[003011038] REST CAN   RX id=0x101 dlc=2 data=b8 05
[003011059] REST SIM   RESTBUS RX id=0x101 dlc=2 data=b8 05
[003011085] REST CAN   RX id=0x201 dlc=6 data=02 00 5d 00 00 00
[003011110] REST SIM   RESTBUS RX id=0x201 dlc=6 data=02 00 5d 00 00 00
[003031002] REST CAN   RX id=0x101 dlc=2 data=b8 05
[003031023] REST SIM   RESTBUS RX id=0x101 dlc=2 data=b8 05
[003051038] REST CAN   RX id=0x101 dlc=2 data=b8 05
[003051060] REST SIM   RESTBUS RX id=0x101 dlc=2 data=b8 05
[003071039] REST CAN   RX id=0x101 dlc=2 data=b8 05
[003071060] REST SIM   RESTBUS RX id=0x101 dlc=2 data=b8 05
[003091002] REST CAN   RX id=0x101 dlc=2 data=b8 05
[003091023] REST SIM   RESTBUS RX id=0x101 dlc=2 data=b8 05
[003100002] REST CAN   TX id=0x301 dlc=1 data=14
[003100022] REST SIM   RESTBUS TX id=0x301 dlc=1 data=14
[003103002] REST CAN   TX id=0x3f0 dlc=1 data=01
[003103022] REST SIM   RESTBUS TX id=0x3f0 dlc=1 data=01
[003111002] REST CAN   RX id=0x101 dlc=2 data=b8 05
[003111023] REST SIM   RESTBUS RX id=0x101 dlc=2 data=b8 05
[003111048] REST CAN   RX id=0x201 dlc=6 data=00 00 5d 00 00 00
[003111074] REST SIM   RESTBUS RX id=0x201 dlc=6 data=00 00 5d 00 00 00
[003131002] REST CAN   RX id=0x101 dlc=2 data=b8 05
[003131023] REST SIM   RESTBUS RX id=0x101 dlc=2 data=b8 05
[003151002] REST CAN   RX id=0x101 dlc=2 data=b8 05
[003151023] REST SIM   RESTBUS RX id=0x101 dlc=2 data=b8 05
[003171002] REST CAN   RX id=0x101 dlc=2 data=b8 05
[003171023] REST SIM   RESTBUS RX id=0x101 dlc=2 data=b8 05
[003191002] REST CAN   RX id=0x101 dlc=2 data=b8 05
[003191023] REST SIM   RESTBUS RX id=0x101 dlc=2 data=b8 05
[003200041] REST CAN   TX id=0x301 dlc=1 data=14
[003200061] REST SIM   RESTBUS TX id=0x301 dlc=1 data=14
[003203041] REST CAN   TX id=0x3f0 dlc=1 data=01
[003203060] REST SIM   RESTBUS TX id=0x3f0 dlc=1 data=01
[003211002] REST CAN   RX id=0x101 dlc=2 data=b8 05
[003211023] REST SIM   RESTBUS RX id=0x101 dlc=2 data=b8 05
[003211048] REST CAN   RX id=0x201 dlc=6 data=00 00 5d 00 00 00
[003211074] REST SIM   RESTBUS RX id=0x201 dlc=6 data=00 00 5d 00 00 00
[003231002] REST CAN   RX id=0x101 dlc=2 data=b8 05
[003231023] REST SIM   RESTBUS RX id=0x101 dlc=2 data=b8 05
[003251002] REST CAN   RX id=0x101 dlc=2 data=b8 05
[003251023] REST SIM   RESTBUS RX id=0x101 dlc=2 data=b8 05
[003271002] REST CAN   RX id=0x101 dlc=2 data=b8 05
[003271023] REST SIM   RESTBUS RX id=0x101 dlc=2 data=b8 05
[003291002] REST CAN   RX id=0x101 dlc=2 data=b8 05
[003291023] REST SIM   RESTBUS RX id=0x101 dlc=2 data=b8 05
[003300042] REST CAN   TX id=0x301 dlc=1 data=14
[003300062] REST SIM   RESTBUS TX id=0x301 dlc=1 data=14
[003303042] REST CAN   TX id=0x3f0 dlc=1 data=01
[003303062] REST SIM   RESTBUS TX id=0x3f0 dlc=1 data=01
[003311002] REST CAN   RX id=0x101 dlc=2 data=b8 05
[003311023] REST SIM   RESTBUS RX id=0x101 dlc=2 data=b8 05
[003311048] REST CAN   RX id=0x201 dlc=6 data=00 00 5d 00 00 00
[003311074] REST SIM   RESTBUS RX id=0x201 dlc=6 data=00 00 5d 00 00 00
[003331042] REST CAN   RX id=0x101 dlc=2 data=b8 05
[003331063] REST SIM   RESTBUS RX id=0x101 dlc=2 data=b8 05
[003351002] REST CAN   RX id=0x101 dlc=2 data=b8 05
[003351023] REST SIM   RESTBUS RX id=0x101 dlc=2 data=b8 05
[003371002] REST CAN   RX id=0x101 dlc=2 data=b8 05
[003371023] REST SIM   RESTBUS RX id=0x101 dlc=2 data=b8 05
[003391043] REST CAN   RX id=0x101 dlc=2 data=b8 05
[003391064] REST SIM   RESTBUS RX id=0x101 dlc=2 data=b8 05
[003400002] REST CAN   TX id=0x301 dlc=1 data=14
[003400022] REST SIM   RESTBUS TX id=0x301 dlc=1 data=14
[003403002] REST CAN   TX id=0x3f0 dlc=1 data=01
[003403022] REST SIM   RESTBUS TX id=0x3f0 dlc=1 data=01
[003411002] REST CAN   RX id=0x101 dlc=2 data=b8 05
[003411023] REST SIM   RESTBUS RX id=0x101 dlc=2 data=b8 05
[003411048] REST CAN   RX id=0x201 dlc=6 data=00 00 5d 00 00 00
[003411074] REST SIM   RESTBUS RX id=0x201 dlc=6 data=00 00 5d 00 00 00
[003431043] REST CAN   RX id=0x101 dlc=2 data=b8 05
[003431064] REST SIM   RESTBUS RX id=0x101 dlc=2 data=b8 05
[003451043] REST CAN   RX id=0x101 dlc=2 data=b8 05
[003451064] REST SIM   RESTBUS RX id=0x101 dlc=2 data=b8 05
[003471043] REST CAN   RX id=0x101 dlc=2 data=b8 05
[003471065] REST SIM   RESTBUS RX id=0x101 dlc=2 data=b8 05
[003491002] REST CAN   RX id=0x101 dlc=2 data=b8 05
[003491023] REST SIM   RESTBUS RX id=0x101 dlc=2 data=b8 05
[003500044] REST CAN   TX id=0x301 dlc=1 data=14
[003500064] REST SIM   RESTBUS TX id=0x301 dlc=1 data=14
[003503002] REST CAN   TX id=0x3f0 dlc=1 data=00
[003503022] REST SIM   RESTBUS TX id=0x3f0 dlc=1 data=00
[003511044] REST CAN   RX id=0x101 dlc=2 data=b8 05
[003511065] REST SIM   RESTBUS RX id=0x101 dlc=2 data=b8 05
[003511091] REST CAN   RX id=0x201 dlc=6 data=00 00 5d 00 00 00
[003511116] REST SIM   RESTBUS RX id=0x201 dlc=6 data=00 00 5d 00 00 00
[003531002] REST CAN   RX id=0x101 dlc=2 data=b8 05
[003531023] REST SIM   RESTBUS RX id=0x101 dlc=2 data=b8 05
[003551002] REST CAN   RX id=0x101 dlc=2 data=b8 05
[003551023] REST SIM   RESTBUS RX id=0x101 dlc=2 data=b8 05
[003571002] REST CAN   RX id=0x101 dlc=2 data=b8 05
[003571023] REST SIM   RESTBUS RX id=0x101 dlc=2 data=b8 05
[003591002] REST CAN   RX id=0x101 dlc=2 data=b8 05
[003591023] REST SIM   RESTBUS RX id=0x101 dlc=2 data=b8 05
[003600002] REST CAN   TX id=0x301 dlc=1 data=14
[003600022] REST SIM   RESTBUS TX id=0x301 dlc=1 data=14
[003603002] REST CAN   TX id=0x3f0 dlc=1 data=00
[003603022] REST SIM   RESTBUS TX id=0x3f0 dlc=1 data=00
[003611045] REST CAN   RX id=0x101 dlc=2 data=b8 05
[003611066] REST SIM   RESTBUS RX id=0x101 dlc=2 data=b8 05
[003611092] REST CAN   RX id=0x201 dlc=6 data=02 00 75 00 00 00
[003611118] REST SIM   RESTBUS RX id=0x201 dlc=6 data=02 00 75 00 00 00
[003631002] REST CAN   RX id=0x101 dlc=2 data=b8 05
[003631023] REST SIM   RESTBUS RX id=0x101 dlc=2 data=b8 05
[003651002] REST CAN   RX id=0x101 dlc=2 data=b8 05
[003651023] REST SIM   RESTBUS RX id=0x101 dlc=2 data=b8 05
[003671002] REST CAN   RX id=0x101 dlc=2 data=b8 05
[003671023] REST SIM   RESTBUS RX id=0x101 dlc=2 data=b8 05
[003691002] REST CAN   RX id=0x101 dlc=2 data=b8 05
[003691023] REST SIM   RESTBUS RX id=0x101 dlc=2 data=b8 05
[003700047] REST CAN   TX id=0x301 dlc=1 data=14
[003700067] REST SIM   RESTBUS TX id=0x301 dlc=1 data=14
[003703002] REST CAN   TX id=0x3f0 dlc=1 data=00
[003703022] REST SIM   RESTBUS TX id=0x3f0 dlc=1 data=00
[003711046] REST CAN   RX id=0x101 dlc=2 data=b8 05
[003711067] REST SIM   RESTBUS RX id=0x101 dlc=2 data=b8 05
[003711093] REST CAN   RX id=0x201 dlc=6 data=02 00 79 00 00 00
[003711119] REST SIM   RESTBUS RX id=0x201 dlc=6 data=02 00 79 00 00 00
[003731002] REST CAN   RX id=0x101 dlc=2 data=b8 05
[003731023] REST SIM   RESTBUS RX id=0x101 dlc=2 data=b8 05
[003751002] REST CAN   RX id=0x101 dlc=2 data=b8 05
[003751023] REST SIM   RESTBUS RX id=0x101 dlc=2 data=b8 05
[003771047] REST CAN   RX id=0x101 dlc=2 data=b8 05
[003771068] REST SIM   RESTBUS RX id=0x101 dlc=2 data=b8 05
[003791002] REST CAN   RX id=0x101 dlc=2 data=b8 05
[003791023] REST SIM   RESTBUS RX id=0x101 dlc=2 data=b8 05
[003800002] REST CAN   TX id=0x301 dlc=1 data=14
[003800022] REST SIM   RESTBUS TX id=0x301 dlc=1 data=14
[003803002] REST CAN   TX id=0x3f0 dlc=1 data=00
[003803022] REST SIM   RESTBUS TX id=0x3f0 dlc=1 data=00
[003811048] REST CAN   RX id=0x101 dlc=2 data=b8 05
[003811069] REST SIM   RESTBUS RX id=0x101 dlc=2 data=b8 05
[003811094] REST CAN   RX id=0x201 dlc=6 data=02 00 7d 00 00 00
[003811120] REST SIM   RESTBUS RX id=0x201 dlc=6 data=02 00 7d 00 00 00
[003831002] REST CAN   RX id=0x101 dlc=2 data=b8 05
[003831023] REST SIM   RESTBUS RX id=0x101 dlc=2 data=b8 05
[003851002] REST CAN   RX id=0x101 dlc=2 data=b8 05
[003851023] REST SIM   RESTBUS RX id=0x101 dlc=2 data=b8 05
[003871002] REST CAN   RX id=0x101 dlc=2 data=b8 05
[003871023] REST SIM   RESTBUS RX id=0x101 dlc=2 data=b8 05
[003891002] REST CAN   RX id=0x101 dlc=2 data=b8 05
[003891023] REST SIM   RESTBUS RX id=0x101 dlc=2 data=b8 05
[003900049] REST CAN   TX id=0x301 dlc=1 data=14
[003900069] REST SIM   RESTBUS TX id=0x301 dlc=1 data=14
[003903002] REST CAN   TX id=0x3f0 dlc=1 data=00
[003903022] REST SIM   RESTBUS TX id=0x3f0 dlc=1 data=00
[003911049] REST CAN   RX id=0x101 dlc=2 data=b8 05
[003911070] REST SIM   RESTBUS RX id=0x101 dlc=2 data=b8 05
[003911095] REST CAN   RX id=0x201 dlc=6 data=02 00 81 00 00 00
[003911121] REST SIM   RESTBUS RX id=0x201 dlc=6 data=02 00 81 00 00 00
[003931049] REST CAN   RX id=0x101 dlc=2 data=b8 05
[003931070] REST SIM   RESTBUS RX id=0x101 dlc=2 data=b8 05
[003951049] REST CAN   RX id=0x101 dlc=2 data=b8 05
[003951070] REST SIM   RESTBUS RX id=0x101 dlc=2 data=b8 05
[003971002] REST CAN   RX id=0x101 dlc=2 data=b8 05
[003971023] REST SIM   RESTBUS RX id=0x101 dlc=2 data=b8 05
[003991002] REST CAN   RX id=0x101 dlc=2 data=b8 05
[003991023] REST SIM   RESTBUS RX id=0x101 dlc=2 data=b8 05
