probe: start
--- RCC
CR.reset=0x00000000
ICSCR=0x00000000
CFGR.reset=0x00000000
PLLCFGR.reset=0x00000000
AHB2ENR.reset=0x00000000
APB1ENR1.reset=0x00000000
CCIPR1.reset=0x00000000
CSR.reset=0x00000000
PLLCFGR.set=0x01102801
CR.pllon=0x03000000
CFGR.sw=pll=0x0000000F
CR.hseon=0x03030000
AHB2ENR.set=0x00000000
APB1ENR1.set=0x00000000
CCIPR1.set=0x00000000
FLASH_ACR=0x00000004
--- GPIO
GPIOC.MODER.reset=0xFFFFFFFF
GPIOC.MODER.pc7out=0xFFFF7FFF
GPIOC.ODR.afterset=0x00000080
GPIOC.IDR.afterset=0x00000080
GPIOC.ODR.afterclr=0x00000000
GPIOA.MODER.reset=0xABFFFFFF
GPIOA.MODER.pa1analog=0xABFFFFFF
--- ADC1
ADC.ISR.reset=0x00000000
ADC.CR.reset=0x00000000
ADC.CFGR.reset=0x00000000
ADC.CR.vreg=0x10000000
ADC.CR.aftercal=0x10000000
ADC.ISR.afteraden=0x00000001
ADC.CR.afteraden=0x10000001
ADC.SQR1=0x00000180
ADC.ISR.cleared=0x00000000
ADC.ISR.eoc=0x0000000F
ADC.DR=0x00000800
ADC.CR.afterconv=0x10000001
ADC.ISR.cleared=0x00000000
ADC.ISR.eoc=0x0000000F
ADC.DR=0x00000800
ADC.CR.afterconv=0x10000001
ADC.ISR.cleared=0x00000000
ADC.ISR.eoc=0x0000000F
ADC.DR=0x00000FFF
ADC.CR.afterconv=0x10000001
ADC.ISR.cleared=0x00000000
ADC.ISR.eoc=0x0000000F
ADC.DR=0x00000FFF
ADC.CR.afterconv=0x10000001
ADC.ISR.cleared=0x00000000
ADC.ISR.eoc=0x0000000F
ADC.DR=0x00000400
ADC.CR.afterconv=0x10000001
ADC.ISR.cleared=0x00000000
ADC.ISR.eoc=0x0000000F
ADC.DR=0x00000000
ADC.CR.afterconv=0x10000001
--- FDCAN1
CREL=0x32141218
ENDN=0x87654321
CCCR.reset=0x00000001
NBTP.reset=0x06000A03
TXBC.reset=0x00000000
TXFQS.reset=0x00000003
RXGFC.reset=0x00000000
RXF0S.reset=0x00000000
CKDIV.reset=0x00000000
CCCR.init=0x00000001
CCCR.init+cce=0x00000003
NBTP.set=0x02090C01
RXGFC.set=0x01000028
SRAMCAN.word0=0x892307FF
IE=0x00000001
ILE=0x00000001
CCCR.run=0x00000000
PSR.run=0x0000074F
TXFQS.run=0x00000003
probe: done
